mode: set
github.com/vnp-community/vnp-memory/services/cognee-ingestion/internal/usecase/ingest_file.go:35.22,45.2 1 1
github.com/vnp-community/vnp-memory/services/cognee-ingestion/internal/usecase/ingest_file.go:57.113,62.16 3 1
github.com/vnp-community/vnp-memory/services/cognee-ingestion/internal/usecase/ingest_file.go:62.16,64.3 1 1
github.com/vnp-community/vnp-memory/services/cognee-ingestion/internal/usecase/ingest_file.go:65.2,65.15 1 1
github.com/vnp-community/vnp-memory/services/cognee-ingestion/internal/usecase/ingest_file.go:65.15,67.3 1 1
github.com/vnp-community/vnp-memory/services/cognee-ingestion/internal/usecase/ingest_file.go:70.2,70.33 1 1
github.com/vnp-community/vnp-memory/services/cognee-ingestion/internal/usecase/ingest_file.go:70.33,72.3 1 1
github.com/vnp-community/vnp-memory/services/cognee-ingestion/internal/usecase/ingest_file.go:75.2,76.16 2 1
github.com/vnp-community/vnp-memory/services/cognee-ingestion/internal/usecase/ingest_file.go:76.16,78.3 1 1
github.com/vnp-community/vnp-memory/services/cognee-ingestion/internal/usecase/ingest_file.go:81.2,82.16 2 1
github.com/vnp-community/vnp-memory/services/cognee-ingestion/internal/usecase/ingest_file.go:82.16,84.3 1 0
github.com/vnp-community/vnp-memory/services/cognee-ingestion/internal/usecase/ingest_file.go:85.2,85.12 1 1
github.com/vnp-community/vnp-memory/services/cognee-ingestion/internal/usecase/ingest_file.go:85.12,94.3 2 1
github.com/vnp-community/vnp-memory/services/cognee-ingestion/internal/usecase/ingest_file.go:97.2,98.16 2 1
github.com/vnp-community/vnp-memory/services/cognee-ingestion/internal/usecase/ingest_file.go:98.16,100.3 1 0
github.com/vnp-community/vnp-memory/services/cognee-ingestion/internal/usecase/ingest_file.go:102.2,103.16 2 1
github.com/vnp-community/vnp-memory/services/cognee-ingestion/internal/usecase/ingest_file.go:103.16,105.3 1 1
github.com/vnp-community/vnp-memory/services/cognee-ingestion/internal/usecase/ingest_file.go:110.2,111.16 2 1
github.com/vnp-community/vnp-memory/services/cognee-ingestion/internal/usecase/ingest_file.go:111.16,114.3 2 0
github.com/vnp-community/vnp-memory/services/cognee-ingestion/internal/usecase/ingest_file.go:117.2,121.54 4 1
github.com/vnp-community/vnp-memory/services/cognee-ingestion/internal/usecase/ingest_file.go:121.54,123.3 1 0
github.com/vnp-community/vnp-memory/services/cognee-ingestion/internal/usecase/ingest_file.go:126.2,126.98 1 1
github.com/vnp-community/vnp-memory/services/cognee-ingestion/internal/usecase/ingest_file.go:126.98,128.3 1 0
github.com/vnp-community/vnp-memory/services/cognee-ingestion/internal/usecase/ingest_file.go:131.2,132.68 2 1
github.com/vnp-community/vnp-memory/services/cognee-ingestion/internal/usecase/ingest_file.go:132.68,134.3 1 0
github.com/vnp-community/vnp-memory/services/cognee-ingestion/internal/usecase/ingest_file.go:136.2,146.8 2 1
github.com/vnp-community/vnp-memory/services/cognee-ingestion/internal/usecase/ingest_file.go:150.39,152.21 2 1
github.com/vnp-community/vnp-memory/services/cognee-ingestion/internal/usecase/ingest_file.go:152.21,154.3 1 1
github.com/vnp-community/vnp-memory/services/cognee-ingestion/internal/usecase/ingest_file.go:155.2,155.34 1 0
github.com/vnp-community/vnp-memory/services/cognee-ingestion/internal/usecase/ingest_text.go:27.22,34.2 1 1
github.com/vnp-community/vnp-memory/services/cognee-ingestion/internal/usecase/ingest_text.go:37.113,41.20 2 1
github.com/vnp-community/vnp-memory/services/cognee-ingestion/internal/usecase/ingest_text.go:41.20,43.3 1 1
github.com/vnp-community/vnp-memory/services/cognee-ingestion/internal/usecase/ingest_text.go:45.2,46.16 2 1
github.com/vnp-community/vnp-memory/services/cognee-ingestion/internal/usecase/ingest_text.go:46.16,48.3 1 0
github.com/vnp-community/vnp-memory/services/cognee-ingestion/internal/usecase/ingest_text.go:49.2,49.15 1 1
github.com/vnp-community/vnp-memory/services/cognee-ingestion/internal/usecase/ingest_text.go:49.15,51.3 1 1
github.com/vnp-community/vnp-memory/services/cognee-ingestion/internal/usecase/ingest_text.go:54.2,55.16 2 1
github.com/vnp-community/vnp-memory/services/cognee-ingestion/internal/usecase/ingest_text.go:55.16,57.3 1 0
github.com/vnp-community/vnp-memory/services/cognee-ingestion/internal/usecase/ingest_text.go:59.2,60.22 2 1
github.com/vnp-community/vnp-memory/services/cognee-ingestion/internal/usecase/ingest_text.go:60.22,62.3 1 0
github.com/vnp-community/vnp-memory/services/cognee-ingestion/internal/usecase/ingest_text.go:63.2,67.54 4 1
github.com/vnp-community/vnp-memory/services/cognee-ingestion/internal/usecase/ingest_text.go:67.54,69.3 1 0
github.com/vnp-community/vnp-memory/services/cognee-ingestion/internal/usecase/ingest_text.go:72.2,72.104 1 1
github.com/vnp-community/vnp-memory/services/cognee-ingestion/internal/usecase/ingest_text.go:72.104,74.3 1 0
github.com/vnp-community/vnp-memory/services/cognee-ingestion/internal/usecase/ingest_text.go:77.2,78.68 2 1
github.com/vnp-community/vnp-memory/services/cognee-ingestion/internal/usecase/ingest_text.go:78.68,80.3 1 0
github.com/vnp-community/vnp-memory/services/cognee-ingestion/internal/usecase/ingest_text.go:82.2,92.8 2 1
github.com/vnp-community/vnp-memory/services/cognee-ingestion/internal/usecase/ingest_url.go:29.21,37.2 1 1
github.com/vnp-community/vnp-memory/services/cognee-ingestion/internal/usecase/ingest_url.go:40.111,44.19 2 1
github.com/vnp-community/vnp-memory/services/cognee-ingestion/internal/usecase/ingest_url.go:44.19,46.3 1 1
github.com/vnp-community/vnp-memory/services/cognee-ingestion/internal/usecase/ingest_url.go:48.2,49.16 2 1
github.com/vnp-community/vnp-memory/services/cognee-ingestion/internal/usecase/ingest_url.go:49.16,51.3 1 0
github.com/vnp-community/vnp-memory/services/cognee-ingestion/internal/usecase/ingest_url.go:52.2,52.15 1 1
github.com/vnp-community/vnp-memory/services/cognee-ingestion/internal/usecase/ingest_url.go:52.15,54.3 1 1
github.com/vnp-community/vnp-memory/services/cognee-ingestion/internal/usecase/ingest_url.go:57.2,58.16 2 1
github.com/vnp-community/vnp-memory/services/cognee-ingestion/internal/usecase/ingest_url.go:58.16,60.3 1 0
github.com/vnp-community/vnp-memory/services/cognee-ingestion/internal/usecase/ingest_url.go:62.2,62.25 1 1
github.com/vnp-community/vnp-memory/services/cognee-ingestion/internal/usecase/ingest_url.go:62.25,64.3 1 0
github.com/vnp-community/vnp-memory/services/cognee-ingestion/internal/usecase/ingest_url.go:67.2,68.16 2 1
github.com/vnp-community/vnp-memory/services/cognee-ingestion/internal/usecase/ingest_url.go:68.16,70.3 1 0
github.com/vnp-community/vnp-memory/services/cognee-ingestion/internal/usecase/ingest_url.go:72.2,76.54 4 1
github.com/vnp-community/vnp-memory/services/cognee-ingestion/internal/usecase/ingest_url.go:76.54,78.3 1 0
github.com/vnp-community/vnp-memory/services/cognee-ingestion/internal/usecase/ingest_url.go:81.2,81.104 1 1
github.com/vnp-community/vnp-memory/services/cognee-ingestion/internal/usecase/ingest_url.go:81.104,83.3 1 0
github.com/vnp-community/vnp-memory/services/cognee-ingestion/internal/usecase/ingest_url.go:86.2,87.68 2 1
github.com/vnp-community/vnp-memory/services/cognee-ingestion/internal/usecase/ingest_url.go:87.68,89.3 1 0
github.com/vnp-community/vnp-memory/services/cognee-ingestion/internal/usecase/ingest_url.go:91.2,101.8 2 1
github.com/vnp-community/vnp-memory/services/cognee-ingestion/internal/usecase/manage_dataset.go:28.25,35.2 1 1
github.com/vnp-community/vnp-memory/services/cognee-ingestion/internal/usecase/manage_dataset.go:38.122,41.16 2 1
github.com/vnp-community/vnp-memory/services/cognee-ingestion/internal/usecase/manage_dataset.go:41.16,43.3 1 0
github.com/vnp-community/vnp-memory/services/cognee-ingestion/internal/usecase/manage_dataset.go:44.2,44.12 1 1
github.com/vnp-community/vnp-memory/services/cognee-ingestion/internal/usecase/manage_dataset.go:44.12,46.3 1 1
github.com/vnp-community/vnp-memory/services/cognee-ingestion/internal/usecase/manage_dataset.go:48.2,49.16 2 1
github.com/vnp-community/vnp-memory/services/cognee-ingestion/internal/usecase/manage_dataset.go:49.16,51.3 1 0
github.com/vnp-community/vnp-memory/services/cognee-ingestion/internal/usecase/manage_dataset.go:53.2,53.55 1 1
github.com/vnp-community/vnp-memory/services/cognee-ingestion/internal/usecase/manage_dataset.go:53.55,55.3 1 0
github.com/vnp-community/vnp-memory/services/cognee-ingestion/internal/usecase/manage_dataset.go:57.2,58.16 2 1
github.com/vnp-community/vnp-memory/services/cognee-ingestion/internal/usecase/manage_dataset.go:62.114,64.16 2 1
github.com/vnp-community/vnp-memory/services/cognee-ingestion/internal/usecase/manage_dataset.go:64.16,66.3 1 0
github.com/vnp-community/vnp-memory/services/cognee-ingestion/internal/usecase/manage_dataset.go:67.2,67.15 1 1
github.com/vnp-community/vnp-memory/services/cognee-ingestion/internal/usecase/manage_dataset.go:67.15,69.3 1 1
github.com/vnp-community/vnp-memory/services/cognee-ingestion/internal/usecase/manage_dataset.go:70.2,70.16 1 1
github.com/vnp-community/vnp-memory/services/cognee-ingestion/internal/usecase/manage_dataset.go:74.130,75.31 1 1
github.com/vnp-community/vnp-memory/services/cognee-ingestion/internal/usecase/manage_dataset.go:75.31,77.3 1 1
github.com/vnp-community/vnp-memory/services/cognee-ingestion/internal/usecase/manage_dataset.go:78.2,78.58 1 1
github.com/vnp-community/vnp-memory/services/cognee-ingestion/internal/usecase/manage_dataset.go:82.98,85.16 2 1
github.com/vnp-community/vnp-memory/services/cognee-ingestion/internal/usecase/manage_dataset.go:85.16,87.3 1 0
github.com/vnp-community/vnp-memory/services/cognee-ingestion/internal/usecase/manage_dataset.go:88.2,88.15 1 1
github.com/vnp-community/vnp-memory/services/cognee-ingestion/internal/usecase/manage_dataset.go:88.15,90.3 1 0
github.com/vnp-community/vnp-memory/services/cognee-ingestion/internal/usecase/manage_dataset.go:93.2,94.72 2 1
github.com/vnp-community/vnp-memory/services/cognee-ingestion/internal/usecase/manage_dataset.go:94.72,96.3 1 0
github.com/vnp-community/vnp-memory/services/cognee-ingestion/internal/usecase/manage_dataset.go:99.2,99.61 1 1
github.com/vnp-community/vnp-memory/services/cognee-ingestion/internal/usecase/manage_dataset.go:99.61,101.3 1 0
github.com/vnp-community/vnp-memory/services/cognee-ingestion/internal/usecase/manage_dataset.go:104.2,104.65 1 1
github.com/vnp-community/vnp-memory/services/cognee-ingestion/internal/usecase/manage_dataset.go:104.65,106.3 1 0
github.com/vnp-community/vnp-memory/services/cognee-ingestion/internal/usecase/manage_dataset.go:108.2,109.12 2 1
github.com/vnp-community/vnp-memory/services/cognee-ingestion/internal/usecase/manage_dataset.go:113.131,115.16 2 1
github.com/vnp-community/vnp-memory/services/cognee-ingestion/internal/usecase/manage_dataset.go:115.16,117.3 1 0
github.com/vnp-community/vnp-memory/services/cognee-ingestion/internal/usecase/manage_dataset.go:118.2,118.15 1 1
github.com/vnp-community/vnp-memory/services/cognee-ingestion/internal/usecase/manage_dataset.go:118.15,120.3 1 0
github.com/vnp-community/vnp-memory/services/cognee-ingestion/internal/usecase/manage_dataset.go:122.2,130.8 1 1
